[
  {
    "bug_type": "COMPONENT_FILE_CYCLOMATIC_COMPLEXITY",
    "file": "TestComponentKitAnalytics.mm",
    "procedure": "Linters_dummy_method"
  },
  {
    "bug_type": "COMPONENT_FILE_CYCLOMATIC_COMPLEXITY",
    "file": "TestComponentKitAnalytics.mm",
    "procedure": "SomeClass_new"
  },
  {
    "bug_type": "COMPONENT_FILE_CYCLOMATIC_COMPLEXITY",
    "file": "TestComponentKitAnalytics.mm",
    "procedure": "SomeClass_new"
  },
  {
    "bug_type": "COMPONENT_FILE_LINE_COUNT",
    "file": "TestComponentKitAnalytics.mm",
    "procedure": "Linters_dummy_method"
  },
  {
    "bug_type": "COMPONENT_FILE_LINE_COUNT",
    "file": "TestComponentKitAnalytics.mm",
    "procedure": "Linters_dummy_method"
  },
  {
    "bug_type": "COMPONENT_FILE_LINE_COUNT",
    "file": "TestComponentKitAnalytics.mm",
    "procedure": "Linters_dummy_method"
  },
  {
    "bug_type": "COMPONENT_FILE_LINE_COUNT",
    "file": "TestComponentKitAnalytics.mm",
    "procedure": "Linters_dummy_method"
  },
  {
    "bug_type": "COMPONENT_FILE_LINE_COUNT",
    "file": "TestComponentKitAnalytics.mm",
    "procedure": "Linters_dummy_method"
  },
  {
    "bug_type": "COMPONENT_FILE_LINE_COUNT",
    "file": "TestComponentKitAnalytics.mm",
    "procedure": "Linters_dummy_method"
  },
  {
    "bug_type": "COMPONENT_FILE_LINE_COUNT",
    "file": "TestComponentKitAnalytics.mm",
    "procedure": "Linters_dummy_method"
  },
  {
    "bug_type": "COMPONENT_FILE_LINE_COUNT",
    "file": "TestComponentKitAnalytics.mm",
    "procedure": "Linters_dummy_method"
  },
  {
    "bug_type": "COMPONENT_FILE_LINE_COUNT",
    "file": "TestComponentKitAnalytics.mm",
    "procedure": "Linters_dummy_method"
  },
  {
    "bug_type": "COMPONENT_FILE_LINE_COUNT",
    "file": "TestComponentKitAnalytics.mm",
    "procedure": "Linters_dummy_method"
  },
  {
    "bug_type": "COMPONENT_FILE_LINE_COUNT",
    "file": "TestComponentKitAnalytics.mm",
    "procedure": "Linters_dummy_method"
  },
  {
    "bug_type": "COMPONENT_FILE_LINE_COUNT",
    "file": "TestComponentKitAnalytics.mm",
    "procedure": "Linters_dummy_method"
  },
  {
    "bug_type": "COMPONENT_FILE_LINE_COUNT",
    "file": "TestComponentKitAnalytics.mm",
    "procedure": "Linters_dummy_method"
  },
  {
    "bug_type": "COMPONENT_FILE_LINE_COUNT",
    "file": "TestComponentKitAnalytics.mm",
    "procedure": "Linters_dummy_method"
  },
  {
    "bug_type": "COMPONENT_FILE_LINE_COUNT",
    "file": "TestComponentKitAnalytics.mm",
    "procedure": "Linters_dummy_method"
  },
  {
    "bug_type": "COMPONENT_FILE_LINE_COUNT",
    "file": "TestComponentKitAnalytics.mm",
    "procedure": "Linters_dummy_method"
  },
  {
    "bug_type": "COMPONENT_FILE_LINE_COUNT",
    "file": "TestComponentKitAnalytics.mm",
    "procedure": "Linters_dummy_method"
  },
  {
    "bug_type": "COMPONENT_FILE_LINE_COUNT",
    "file": "TestComponentKitAnalytics.mm",
    "procedure": "Linters_dummy_method"
  },
  {
    "bug_type": "COMPONENT_FILE_LINE_COUNT",
    "file": "TestComponentKitAnalytics.mm",
    "procedure": "Linters_dummy_method"
  },
  {
    "bug_type": "COMPONENT_FILE_LINE_COUNT",
    "file": "TestComponentKitAnalytics.mm",
    "procedure": "Linters_dummy_method"
  },
  {
    "bug_type": "COMPONENT_FILE_LINE_COUNT",
    "file": "TestComponentKitAnalytics.mm",
    "procedure": "Linters_dummy_method"
  },
  {
    "bug_type": "COMPONENT_FILE_LINE_COUNT",
    "file": "TestComponentKitAnalytics.mm",
    "procedure": "Linters_dummy_method"
  },
  {
    "bug_type": "COMPONENT_FILE_LINE_COUNT",
    "file": "TestComponentKitAnalytics.mm",
    "procedure": "Linters_dummy_method"
  },
  {
    "bug_type": "COMPONENT_FILE_LINE_COUNT",
    "file": "TestComponentKitAnalytics.mm",
    "procedure": "Linters_dummy_method"
  }
]