[
  {
    "bug_type": "NULL_DEREFERENCE",
    "file": "utf8_in_function_names.c",
    "procedure": "test_\ufffd\ufffd\ufffd\ufffd\ufffd\ufffd"
  }
]